// Jest Snapshot v1, https://goo.gl/fbAQLP

exports[`TokenBottomSheetLegacy renders correctly 1`] = `
<View
  style={
    {
      "bottom": 0,
      "justifyContent": "flex-end",
      "left": 0,
      "position": "absolute",
      "right": 0,
      "top": 0,
      "zIndex": 1,
    }
  }
  testID="TokenBottomSheetContainer"
>
  <View
    accessibilityState={
      {
        "busy": undefined,
        "checked": undefined,
        "disabled": undefined,
        "expanded": undefined,
        "selected": undefined,
      }
    }
    accessible={true}
    focusable={true}
    onClick={[Function]}
    onResponderGrant={[Function]}
    onResponderMove={[Function]}
    onResponderRelease={[Function]}
    onResponderTerminate={[Function]}
    onResponderTerminationRequest={[Function]}
    onStartShouldSetResponder={[Function]}
    style={
      [
        {
          "backgroundColor": "#1B392F",
          "height": "100%",
          "opacity": 0.5,
          "position": "absolute",
          "width": "100%",
        },
        undefined,
      ]
    }
    testID="BackgroundTouchable"
  />
  <View
    onLayout={[Function]}
    style={
      [
        {
          "backgroundColor": "#FFFFFF",
          "borderTopLeftRadius": 16,
          "borderTopRightRadius": 16,
          "bottom": 0,
          "opacity": 1,
          "padding": 24,
          "position": "absolute",
          "width": "100%",
        },
        {
          "paddingBottom": 24,
        },
        undefined,
      ]
    }
  >
    <Text
      style={
        {
          "color": "#2E3338",
          "fontFamily": "Jost-Medium",
          "fontSize": 22,
          "lineHeight": 28,
          "marginBottom": 8,
        }
      }
    >
      selectBalance
    </Text>
    <View
      accessibilityState={
        {
          "busy": undefined,
          "checked": undefined,
          "disabled": undefined,
          "expanded": undefined,
          "selected": undefined,
        }
      }
      accessibilityValue={
        {
          "max": undefined,
          "min": undefined,
          "now": undefined,
          "text": undefined,
        }
      }
      accessible={true}
      focusable={true}
      nativeBackgroundAndroid={
        {
          "attribute": "selectableItemBackground",
          "rippleRadius": undefined,
          "type": "ThemeAttrAndroid",
        }
      }
      onClick={[Function]}
      onResponderGrant={[Function]}
      onResponderMove={[Function]}
      onResponderRelease={[Function]}
      onResponderTerminate={[Function]}
      onResponderTerminationRequest={[Function]}
      onStartShouldSetResponder={[Function]}
      testID="cUSDTouchable"
    >
      <View
        style={
          {
            "alignItems": "center",
            "flexDirection": "row",
            "paddingVertical": 16,
          }
        }
      >
        <Text
          style={
            {
              "color": "#2E3338",
              "flex": 1,
              "fontFamily": "Inter-Medium",
              "fontSize": 16,
              "lineHeight": 22,
            }
          }
        >
          stableBalance, {"token":"cUSD"}
        </Text>
        <View
          style={
            {
              "alignItems": "flex-end",
            }
          }
        >
          <Text
            style={
              [
                {
                  "color": "#2E3338",
                  "fontFamily": "Inter-Regular",
                  "fontSize": 16,
                  "lineHeight": 22,
                },
                {
                  "color": "#2E3338",
                },
              ]
            }
            testID="LocalcUSDBalance/value"
          >
            ₱
            13.30
          </Text>
          <Text
            style={
              [
                {
                  "color": "#666666",
                  "fontFamily": "Inter-Regular",
                  "fontSize": 14,
                  "lineHeight": 18,
                },
                {
                  "color": "#666666",
                },
              ]
            }
            testID="cUSDBalance/value"
          >
            10.00
             cUSD
          </Text>
        </View>
      </View>
    </View>
    <View
      style={
        {
          "backgroundColor": "#E6E6E6",
          "height": 1,
          "width": "100%",
        }
      }
    />
    <View
      accessibilityState={
        {
          "busy": undefined,
          "checked": undefined,
          "disabled": undefined,
          "expanded": undefined,
          "selected": undefined,
        }
      }
      accessibilityValue={
        {
          "max": undefined,
          "min": undefined,
          "now": undefined,
          "text": undefined,
        }
      }
      accessible={true}
      focusable={true}
      nativeBackgroundAndroid={
        {
          "attribute": "selectableItemBackground",
          "rippleRadius": undefined,
          "type": "ThemeAttrAndroid",
        }
      }
      onClick={[Function]}
      onResponderGrant={[Function]}
      onResponderMove={[Function]}
      onResponderRelease={[Function]}
      onResponderTerminate={[Function]}
      onResponderTerminationRequest={[Function]}
      onStartShouldSetResponder={[Function]}
      testID="cEURTouchable"
    >
      <View
        style={
          {
            "alignItems": "center",
            "flexDirection": "row",
            "paddingVertical": 16,
          }
        }
      >
        <Text
          style={
            {
              "color": "#2E3338",
              "flex": 1,
              "fontFamily": "Inter-Medium",
              "fontSize": 16,
              "lineHeight": 22,
            }
          }
        >
          stableBalance, {"token":"cEUR"}
        </Text>
        <View
          style={
            {
              "alignItems": "flex-end",
            }
          }
        >
          <Text
            style={
              [
                {
                  "color": "#2E3338",
                  "fontFamily": "Inter-Regular",
                  "fontSize": 16,
                  "lineHeight": 22,
                },
                {
                  "color": "#2E3338",
                },
              ]
            }
            testID="LocalcEURBalance/value"
          >
            ₱
            40.00
          </Text>
          <Text
            style={
              [
                {
                  "color": "#666666",
                  "fontFamily": "Inter-Regular",
                  "fontSize": 14,
                  "lineHeight": 18,
                },
                {
                  "color": "#666666",
                },
              ]
            }
            testID="cEURBalance/value"
          >
            20.00
             cEUR
          </Text>
        </View>
      </View>
    </View>
  </View>
</View>
`;
